

================================================================
== Vivado HLS Report for 'classify_image'
================================================================
* Date:           Mon Mar 24 19:45:46 2025

* Version:        2018.3 (Build 2405991 on Thu Dec 06 23:56:15 MST 2018)
* Project:        kmeans_no_acc
* Solution:       solution1
* Product family: artix7
* Target device:  xc7a200tsbg484-1


================================================================
== Performance Estimates
================================================================
+ Timing (ns): 
    * Summary: 
    +--------+-------+----------+------------+
    |  Clock | Target| Estimated| Uncertainty|
    +--------+-------+----------+------------+
    |ap_clk  |  10.00|     8.724|        1.25|
    +--------+-------+----------+------------+

+ Latency (clock cycles): 
    * Summary: 
    +-------+-------+-------+-------+---------+
    |    Latency    |    Interval   | Pipeline|
    |  min  |  max  |  min  |  max  |   Type  |
    +-------+-------+-------+-------+---------+
    |  23579|  23579|  23579|  23579|   none  |
    +-------+-------+-------+-------+---------+

    + Detail: 
        * Instance: 
        N/A

        * Loop: 
        +-------------+-------+-------+----------+-----------+-----------+------+----------+
        |             |    Latency    | Iteration|  Initiation Interval  | Trip |          |
        |  Loop Name  |  min  |  max  |  Latency |  achieved |   target  | Count| Pipelined|
        +-------------+-------+-------+----------+-----------+-----------+------+----------+
        |- Loop 1     |  23540|  23540|      2354|          -|          -|    10|    no    |
        | + Loop 1.1  |   2352|   2352|         3|          -|          -|   784|    no    |
        +-------------+-------+-------+----------+-----------+-----------+------+----------+



================================================================
== Utilization Estimates
================================================================
* Summary: 
+-----------------+---------+-------+--------+--------+
|       Name      | BRAM_18K| DSP48E|   FF   |   LUT  |
+-----------------+---------+-------+--------+--------+
|DSP              |        -|      1|       -|       -|
|Expression       |        -|      -|       0|    1017|
|FIFO             |        -|      -|       -|       -|
|Instance         |        -|      0|    3623|    3722|
|Memory           |        4|      -|       0|       0|
|Multiplexer      |        -|      -|       -|     247|
|Register         |        -|      -|     362|       -|
+-----------------+---------+-------+--------+--------+
|Total            |        4|      1|    3985|    4986|
+-----------------+---------+-------+--------+--------+
|Available        |      730|    740|  269200|  129000|
+-----------------+---------+-------+--------+--------+
|Utilization (%)  |    ~0   |   ~0  |       1|       3|
+-----------------+---------+-------+--------+--------+

+ Detail: 
    * Instance: 
    +--------------------------------------+-----------------------------------+---------+-------+------+------+
    |               Instance               |               Module              | BRAM_18K| DSP48E|  FF  |  LUT |
    +--------------------------------------+-----------------------------------+---------+-------+------+------+
    |kmeans_top_ddiv_64ns_64ns_64_31_1_U1  |kmeans_top_ddiv_64ns_64ns_64_31_1  |        0|      0|  3211|  3270|
    |kmeans_top_uitodp_32ns_64_6_1_U2      |kmeans_top_uitodp_32ns_64_6_1      |        0|      0|   412|   452|
    +--------------------------------------+-----------------------------------+---------+-------+------+------+
    |Total                                 |                                   |        0|      0|  3623|  3722|
    +--------------------------------------+-----------------------------------+---------+-------+------+------+

    * DSP48: 
    +-------------------------------------------+----------------------------------------+--------------+
    |                  Instance                 |                 Module                 |  Expression  |
    +-------------------------------------------+----------------------------------------+--------------+
    |kmeans_top_mac_muladd_9s_9s_27s_27_1_1_U3  |kmeans_top_mac_muladd_9s_9s_27s_27_1_1  | i0 + i1 * i1 |
    +-------------------------------------------+----------------------------------------+--------------+

    * Memory: 
    +---------------+----------------------------+---------+---+----+------+-----+------+-------------+
    |     Memory    |           Module           | BRAM_18K| FF| LUT| Words| Bits| Banks| W*Bits*Banks|
    +---------------+----------------------------+---------+---+----+------+-----+------+-------------+
    |centroids_0_U  |classify_image_centroids_0  |        4|  0|   0|  7840|    8|     1|        62720|
    +---------------+----------------------------+---------+---+----+------+-----+------+-------------+
    |Total          |                            |        4|  0|   0|  7840|    8|     1|        62720|
    +---------------+----------------------------+---------+---+----+------+-----+------+-------------+

    * FIFO: 
    N/A

    * Expression: 
    +--------------------------------+----------+-------+---+-----+------------+------------+
    |          Variable Name         | Operation| DSP48E| FF| LUT | Bitwidth P0| Bitwidth P1|
    +--------------------------------+----------+-------+---+-----+------------+------------+
    |c_fu_192_p2                     |     +    |      0|  0|   13|           4|           1|
    |grp_fu_173_p0                   |     +    |      0|  0|   39|           1|          32|
    |next_mul_fu_176_p2              |     +    |      0|  0|   20|          13|          10|
    |p_1_fu_211_p2                   |     +    |      0|  0|   17|          10|           1|
    |sh_assign_fu_322_p2             |     +    |      0|  0|   19|          11|          12|
    |tmp_2_fu_226_p2                 |     +    |      0|  0|   20|          13|          13|
    |diff_fu_270_p2                  |     -    |      0|  0|   16|           9|           9|
    |result_V_1_fu_408_p2            |     -    |      0|  0|   39|           1|          32|
    |tmp_i_i_i_fu_336_p2             |     -    |      0|  0|   18|          10|          11|
    |exitcond2_fu_186_p2             |   icmp   |      0|  0|    9|           4|           4|
    |exitcond_fu_205_p2              |   icmp   |      0|  0|   13|          10|           9|
    |tmp_3_fu_241_p2                 |   icmp   |      0|  0|   18|          32|          32|
    |r_V_fu_366_p2                   |   lshr   |      0|  0|  162|          54|          54|
    |c_0_best_class_fu_247_p3        |  select  |      0|  0|   32|           1|          32|
    |class_min_dist_0_glo_fu_254_p3  |  select  |      0|  0|   32|           1|          32|
    |p_Val2_5_fu_400_p3              |  select  |      0|  0|   32|           1|          32|
    |p_Val2_6_fu_413_p3              |  select  |      0|  0|   32|           1|          32|
    |ush_fu_346_p3                   |  select  |      0|  0|   12|           1|          12|
    |r_V_1_fu_372_p2                 |    shl   |      0|  0|  474|         137|         137|
    +--------------------------------+----------+-------+---+-----+------------+------------+
    |Total                           |          |      0|  0| 1017|         314|         497|
    +--------------------------------+----------+-------+---+-----+------------+------------+

    * Multiplexer: 
    +-------------------------+-----+-----------+-----+-----------+
    |           Name          | LUT | Input Size| Bits| Total Bits|
    +-------------------------+-----+-----------+-----+-----------+
    |ap_NS_fsm                |  193|         44|    1|         44|
    |best_class_1_reg_98      |    9|          2|    4|          8|
    |best_class_reg_109       |    9|          2|   32|         64|
    |class_min_dist_reg_145   |    9|          2|   27|         54|
    |global_min_dist_reg_121  |    9|          2|   32|         64|
    |p_reg_157                |    9|          2|   10|         20|
    |phi_mul_reg_133          |    9|          2|   13|         26|
    +-------------------------+-----+-----------+-----+-----------+
    |Total                    |  247|         56|  119|        280|
    +-------------------------+-----+-----------+-----+-----------+

    * Register: 
    +----------------------------+----+----+-----+-----------+
    |            Name            | FF | LUT| Bits| Const Bits|
    +----------------------------+----+----+-----+-----------+
    |ap_CS_fsm                   |  43|   0|   43|          0|
    |best_class_1_cast3_reg_444  |   4|   0|   32|         28|
    |best_class_1_reg_98         |   4|   0|    4|          0|
    |best_class_reg_109          |  32|   0|   32|          0|
    |c_reg_452                   |   4|   0|    4|          0|
    |class_min_dist_reg_145      |  27|   0|   27|          0|
    |diff_reg_490                |   9|   0|    9|          0|
    |global_min_dist_reg_121     |  32|   0|   32|          0|
    |next_mul_reg_439            |  13|   0|   13|          0|
    |p_1_reg_465                 |  10|   0|   10|          0|
    |p_Result_s_reg_510          |   1|   0|    1|          0|
    |p_Val2_5_reg_515            |  32|   0|   32|          0|
    |p_reg_157                   |  10|   0|   10|          0|
    |phi_mul_reg_133             |  13|   0|   13|          0|
    |tmp_s_reg_500               |  64|   0|   64|          0|
    |x_assign_reg_505            |  64|   0|   64|          0|
    +----------------------------+----+----+-----+-----------+
    |Total                       | 362|   0|  390|         28|
    +----------------------------+----+----+-----+-----------+



================================================================
== Interface
================================================================
* Summary: 
+------------------+-----+-----+------------+----------------+--------------+
|     RTL Ports    | Dir | Bits|  Protocol  |  Source Object |    C Type    |
+------------------+-----+-----+------------+----------------+--------------+
|ap_clk            |  in |    1| ap_ctrl_hs | classify_image | return value |
|ap_rst            |  in |    1| ap_ctrl_hs | classify_image | return value |
|ap_start          |  in |    1| ap_ctrl_hs | classify_image | return value |
|ap_done           | out |    1| ap_ctrl_hs | classify_image | return value |
|ap_idle           | out |    1| ap_ctrl_hs | classify_image | return value |
|ap_ready          | out |    1| ap_ctrl_hs | classify_image | return value |
|ap_return_0       | out |   32| ap_ctrl_hs | classify_image | return value |
|ap_return_1       | out |   32| ap_ctrl_hs | classify_image | return value |
|image_r_address0  | out |   10|  ap_memory |     image_r    |     array    |
|image_r_ce0       | out |    1|  ap_memory |     image_r    |     array    |
|image_r_q0        |  in |    8|  ap_memory |     image_r    |     array    |
+------------------+-----+-----+------------+----------------+--------------+

